// Jest Snapshot v1, https://goo.gl/fbAQLP

exports[`Container should match to snapshot 1`] = `
<RCTSafeAreaView
  emulateUnlessSupported={true}
  style={
    Array [
      Object {
        "alignItems": "center",
        "backgroundColor": "transparent",
        "flex": 1,
        "height": "100%",
        "justifyContent": "center",
      },
      undefined,
    ]
  }
/>
`;
