// Jest Snapshot v1, https://goo.gl/fbAQLP

exports[`RemoveButton should match to snapshot 1`] = `
<View
  accessible={true}
  focusable={true}
  onBlur={[Function]}
  onClick={[Function]}
  onFocus={[Function]}
  onResponderGrant={[Function]}
  onResponderMove={[Function]}
  onResponderRelease={[Function]}
  onResponderTerminate={[Function]}
  onResponderTerminationRequest={[Function]}
  onStartShouldSetResponder={[Function]}
  style={
    Object {
      "alignItems": "center",
      "backgroundColor": "red",
      "borderRadius": 100,
      "height": 60,
      "justifyContent": "center",
      "width": 60,
    }
  }
>
  <Text
    style={
      Object {
        "color": "white",
        "fontSize": 16,
        "fontWeight": "bold",
      }
    }
  >
    x
  </Text>
</View>
`;
