// Jest Snapshot v1, https://goo.gl/fbAQLP

exports[`Modal should match to snapshot 1`] = `
<Modal
  animationType="slide"
  hardwareAccelerated={false}
  onRequestClose={[MockFunction]}
  supportedOrientations={
    Array [
      "portrait",
    ]
  }
  transparent={true}
  visible={true}
>
  <View
    accessible={true}
    focusable={true}
    onClick={[Function]}
    onResponderGrant={[Function]}
    onResponderMove={[Function]}
    onResponderRelease={[Function]}
    onResponderTerminate={[Function]}
    onResponderTerminationRequest={[Function]}
    onStartShouldSetResponder={[Function]}
    style={
      Object {
        "backgroundColor": "rgba(0,0,0,0.5)",
        "flex": 1,
        "justifyContent": "flex-end",
        "opacity": 1,
      }
    }
    testID="dismissPlane"
  >
    <View
      onLayout={[Function]}
      style={
        Object {
          "paddingBottom": 0,
        }
      }
    >
      <RCTSafeAreaView
        emulateUnlessSupported={true}
        style={
          Array [
            Object {
              "backgroundColor": Object {
                "semantic": Array [
                  "systemBlue",
                ],
              },
              "justifyContent": "flex-end",
            },
          ]
        }
      >
        <View
          accessible={true}
          focusable={true}
          onClick={[Function]}
          onResponderGrant={[Function]}
          onResponderMove={[Function]}
          onResponderRelease={[Function]}
          onResponderTerminate={[Function]}
          onResponderTerminationRequest={[Function]}
          onStartShouldSetResponder={[Function]}
          style={
            Object {
              "alignItems": "center",
              "backgroundColor": Object {
                "semantic": Array [
                  "systemBlue",
                ],
              },
              "height": 400,
              "justifyContent": "flex-start",
              "opacity": 1,
              "paddingBottom": 50,
              "paddingHorizontal": "5%",
            }
          }
        />
      </RCTSafeAreaView>
    </View>
  </View>
</Modal>
`;
