// Jest Snapshot v1, https://goo.gl/fbAQLP

exports[`ListsIndex Render snapshot should match to snapshot 1`] = `
Array [
  <View
    style={
      Array [
        Object {
          "flexDirection": "row",
        },
        Object {
          "alignItems": "center",
          "backgroundColor": Object {
            "semantic": Array [
              "systemBlue",
            ],
          },
          "borderBottomWidth": 1,
          "height": 100,
          "justifyContent": "space-between",
          "marginBottom": 30,
          "paddingHorizontal": 40,
          "width": "100%",
        },
      ]
    }
  >
    <View />
    <Text
      style={
        Object {
          "color": "white",
          "fontFamily": "Damascus",
          "fontSize": 40,
          "fontWeight": "bold",
        }
      }
    >
      INDEX OF TODOS
    </Text>
    <View />
  </View>,
  <RCTScrollView
    bounces={true}
    contentContainerStyle={
      Object {
        "flexGrow": 1,
        "marginBottom": 20,
        "marginHorizontal": 40,
        "paddingBottom": 40,
      }
    }
    keyboardShouldPersistTaps="always"
    showsVerticalScrollIndicator={false}
    style={
      Object {
        "width": "100%",
      }
    }
  >
    <View>
      <View
        accessible={true}
        focusable={true}
        onBlur={[Function]}
        onClick={[Function]}
        onFocus={[Function]}
        onResponderGrant={[Function]}
        onResponderMove={[Function]}
        onResponderRelease={[Function]}
        onResponderTerminate={[Function]}
        onResponderTerminationRequest={[Function]}
        onStartShouldSetResponder={[Function]}
        style={
          Object {
            "alignItems": "center",
            "borderBottomColor": "black",
            "borderBottomWidth": 1,
            "flexDirection": "row",
            "height": 160,
            "justifyContent": "space-between",
          }
        }
      >
        <Text
          style={
            Object {
              "fontSize": 32,
            }
          }
        >
          List 1
        </Text>
        <View
          accessible={true}
          focusable={true}
          onBlur={[Function]}
          onClick={[Function]}
          onFocus={[Function]}
          onResponderGrant={[Function]}
          onResponderMove={[Function]}
          onResponderRelease={[Function]}
          onResponderTerminate={[Function]}
          onResponderTerminationRequest={[Function]}
          onStartShouldSetResponder={[Function]}
          style={
            Object {
              "alignItems": "center",
              "backgroundColor": "red",
              "borderRadius": 100,
              "height": 60,
              "justifyContent": "center",
              "width": 60,
            }
          }
        >
          <Text
            style={
              Object {
                "color": "white",
                "fontSize": 16,
                "fontWeight": "bold",
              }
            }
          >
            x
          </Text>
        </View>
      </View>
      <View
        accessible={true}
        focusable={true}
        onBlur={[Function]}
        onClick={[Function]}
        onFocus={[Function]}
        onResponderGrant={[Function]}
        onResponderMove={[Function]}
        onResponderRelease={[Function]}
        onResponderTerminate={[Function]}
        onResponderTerminationRequest={[Function]}
        onStartShouldSetResponder={[Function]}
        style={
          Object {
            "alignItems": "center",
            "borderBottomColor": "black",
            "borderBottomWidth": 1,
            "flexDirection": "row",
            "height": 160,
            "justifyContent": "space-between",
          }
        }
      >
        <Text
          style={
            Object {
              "fontSize": 32,
            }
          }
        >
          list 2
        </Text>
        <View
          accessible={true}
          focusable={true}
          onBlur={[Function]}
          onClick={[Function]}
          onFocus={[Function]}
          onResponderGrant={[Function]}
          onResponderMove={[Function]}
          onResponderRelease={[Function]}
          onResponderTerminate={[Function]}
          onResponderTerminationRequest={[Function]}
          onStartShouldSetResponder={[Function]}
          style={
            Object {
              "alignItems": "center",
              "backgroundColor": "red",
              "borderRadius": 100,
              "height": 60,
              "justifyContent": "center",
              "width": 60,
            }
          }
        >
          <Text
            style={
              Object {
                "color": "white",
                "fontSize": 16,
                "fontWeight": "bold",
              }
            }
          >
            x
          </Text>
        </View>
      </View>
      <View
        accessible={true}
        focusable={true}
        onBlur={[Function]}
        onClick={[Function]}
        onFocus={[Function]}
        onResponderGrant={[Function]}
        onResponderMove={[Function]}
        onResponderRelease={[Function]}
        onResponderTerminate={[Function]}
        onResponderTerminationRequest={[Function]}
        onStartShouldSetResponder={[Function]}
        style={
          Object {
            "alignItems": "center",
            "borderBottomColor": "black",
            "borderBottomWidth": 1,
            "flexDirection": "row",
            "height": 160,
            "justifyContent": "space-between",
          }
        }
      >
        <Text
          style={
            Object {
              "fontSize": 32,
            }
          }
        >
          list 3
        </Text>
        <View
          accessible={true}
          focusable={true}
          onBlur={[Function]}
          onClick={[Function]}
          onFocus={[Function]}
          onResponderGrant={[Function]}
          onResponderMove={[Function]}
          onResponderRelease={[Function]}
          onResponderTerminate={[Function]}
          onResponderTerminationRequest={[Function]}
          onStartShouldSetResponder={[Function]}
          style={
            Object {
              "alignItems": "center",
              "backgroundColor": "red",
              "borderRadius": 100,
              "height": 60,
              "justifyContent": "center",
              "width": 60,
            }
          }
        >
          <Text
            style={
              Object {
                "color": "white",
                "fontSize": 16,
                "fontWeight": "bold",
              }
            }
          >
            x
          </Text>
        </View>
      </View>
    </View>
  </RCTScrollView>,
]
`;
